2026-05-22 00:49:16 [main] INFO  server.dao.ConnectDatabase - Kết nối database thành công
2026-05-22 00:49:16 [main] INFO  server.AppServer - [SERVER] Kết nối database thành công
2026-05-22 00:49:16 [main] INFO  server.AppServer - [SERVER] Server đấu giá đang chạy trên port 8080...
2026-05-22 00:49:57 [Thread-1] INFO  server.dao.UserDAO - Người dùng admin xác thực thành công
2026-05-22 00:50:21 [Thread-2] INFO  server.dao.UserDAO - Người dùng John xác thực thành công
2026-05-22 00:51:21 [Thread-3] INFO  server.dao.UserDAO - Người dùng Hung xác thực thành công
2026-05-22 00:51:39 [Thread-4] INFO  server.dao.UserDAO - Người dùng hungdz xác thực thành công
2026-05-22 00:51:43 [JavaFX Application Thread] INFO  server.dao.ConnectDatabase - Kết nối database thành công
2026-05-22 00:52:02 [Thread-3] INFO  server.dao.WalletDAO - Giao dịch thành công: User Hung | Type: DEPOSIT | Amount: 1000000
2026-05-22 00:52:04 [JavaFX Application Thread] INFO  server.dao.ConnectDatabase - Kết nối database thành công
2026-05-22 00:54:44 [main] INFO  server.dao.ConnectDatabase - Kết nối database thành công
2026-05-22 00:54:44 [main] INFO  server.AppServer - [SERVER] Kết nối database thành công
2026-05-22 00:54:44 [main] INFO  server.AppServer - [SERVER] Server đấu giá đang chạy trên port 8080...
2026-05-22 00:55:47 [Thread-1] INFO  server.dao.UserDAO - Người dùng Hung xác thực thành công
2026-05-22 00:58:14 [Thread-2] INFO  server.dao.UserDAO - Người dùng hungdz xác thực thành công
2026-05-22 00:58:21 [Thread-2] INFO  server.ClientHandler - >>> [DEBUG TIME] Now: 2026-05-22T00:58:21.514106500 | Room Begin: 2026-05-22 00:52 | Room End: 2026-05-22 01:21
2026-05-22 00:58:21 [Thread-2] INFO  server.ClientHandler - >>> [DEBUG TIME] Now: 2026-05-22T00:58:21.522092100 | Room Begin: 2026-05-22 00:52 | Room End: 2026-05-22 01:21
2026-05-22 00:58:39 [Thread-1] ERROR server.dao.AutoBidDAO - Lỗi khi lưu thông tin autoBid của người dùng Hung, ở phòng R_017
org.sqlite.SQLiteException: [SQLITE_ERROR] SQL error or missing database (table AutoBid has no column named maxPrce)
	at org.sqlite.core.DB.newSQLException(DB.java:1182)
	at org.sqlite.core.DB.newSQLException(DB.java:1193)
	at org.sqlite.core.DB.throwex(DB.java:1153)
	at org.sqlite.core.NativeDB.prepare_utf8(Native Method)
	at org.sqlite.core.NativeDB.prepare(NativeDB.java:135)
	at org.sqlite.core.DB.prepare(DB.java:265)
	at org.sqlite.core.CorePreparedStatement.<init>(CorePreparedStatement.java:46)
	at org.sqlite.jdbc3.JDBC3PreparedStatement.<init>(JDBC3PreparedStatement.java:33)
	at org.sqlite.jdbc4.JDBC4PreparedStatement.<init>(JDBC4PreparedStatement.java:28)
	at org.sqlite.jdbc4.JDBC4Connection.prepareStatement(JDBC4Connection.java:34)
	at org.sqlite.jdbc3.JDBC3Connection.prepareStatement(JDBC3Connection.java:225)
	at org.sqlite.jdbc3.JDBC3Connection.prepareStatement(JDBC3Connection.java:205)
	at server.dao.AutoBidDAO.saveAutoBid(AutoBidDAO.java:23)
	at server.ClientHandler.handleToggleAutoBid(ClientHandler.java:148)
	at server.ClientHandler.handleRequest(ClientHandler.java:119)
	at server.ClientHandler.run(ClientHandler.java:46)
	at java.base/java.lang.Thread.run(Thread.java:1474)
2026-05-22 00:58:52 [Thread-2] INFO  server.ClientHandler - >>> [DEBUG TIME] Now: 2026-05-22T00:58:52.035198700 | Room Begin: 2026-05-22 00:52 | Room End: 2026-05-22 01:21
2026-05-22 00:58:52 [Thread-2] INFO  server.ClientHandler - >>> [DEBUG TIME] Now: 2026-05-22T00:58:52.036194300 | Room Begin: 2026-05-22 00:52 | Room End: 2026-05-22 01:21
2026-05-22 00:58:54 [Thread-2] INFO  server.ClientHandler - >>> [DEBUG TIME] Now: 2026-05-22T00:58:54.967659800 | Room Begin: 2026-05-22 00:52 | Room End: 2026-05-22 01:21
2026-05-22 00:58:54 [Thread-2] INFO  server.ClientHandler - >>> [DEBUG TIME] Now: 2026-05-22T00:58:54.967659800 | Room Begin: 2026-05-22 00:52 | Room End: 2026-05-22 01:21
2026-05-22 00:58:55 [Thread-2] INFO  server.ClientHandler - >>> [DEBUG TIME] Now: 2026-05-22T00:58:55.907146800 | Room Begin: 2026-05-22 00:52 | Room End: 2026-05-22 01:21
2026-05-22 00:58:55 [Thread-2] INFO  server.ClientHandler - >>> [DEBUG TIME] Now: 2026-05-22T00:58:55.907146800 | Room Begin: 2026-05-22 00:52 | Room End: 2026-05-22 01:21
2026-05-22 00:58:57 [Thread-2] INFO  server.ClientHandler - >>> [DEBUG TIME] Now: 2026-05-22T00:58:57.170766100 | Room Begin: 2026-05-22 00:52 | Room End: 2026-05-22 01:21
2026-05-22 00:58:57 [Thread-2] INFO  server.ClientHandler - >>> [DEBUG TIME] Now: 2026-05-22T00:58:57.171770 | Room Begin: 2026-05-22 00:52 | Room End: 2026-05-22 01:21
2026-05-22 00:58:58 [Thread-1] INFO  server.ClientHandler - >>> [DEBUG TIME] Now: 2026-05-22T00:58:58.114243400 | Room Begin: 2026-05-22 00:52 | Room End: 2026-05-22 01:21
2026-05-22 00:58:58 [Thread-1] INFO  server.ClientHandler - >>> [DEBUG TIME] Now: 2026-05-22T00:58:58.115241900 | Room Begin: 2026-05-22 00:52 | Room End: 2026-05-22 01:21
2026-05-22 00:59:00 [Thread-1] INFO  server.ClientHandler - >>> [DEBUG TIME] Now: 2026-05-22T00:59:00.912899800 | Room Begin: 2026-05-22 00:52 | Room End: 2026-05-22 01:21
2026-05-22 00:59:00 [Thread-1] INFO  server.ClientHandler - >>> [DEBUG TIME] Now: 2026-05-22T00:59:00.912899800 | Room Begin: 2026-05-22 00:52 | Room End: 2026-05-22 01:21
2026-05-22 00:59:03 [Thread-2] INFO  server.ClientHandler - >>> [DEBUG TIME] Now: 2026-05-22T00:59:03.198119200 | Room Begin: 2026-05-22 00:52 | Room End: 2026-05-22 01:21
2026-05-22 00:59:03 [Thread-2] INFO  server.ClientHandler - >>> [DEBUG TIME] Now: 2026-05-22T00:59:03.199115800 | Room Begin: 2026-05-22 00:52 | Room End: 2026-05-22 01:21
2026-05-22 01:00:43 [main] INFO  server.dao.ConnectDatabase - Kết nối database thành công
2026-05-22 01:00:43 [main] INFO  server.AppServer - [SERVER] Kết nối database thành công
2026-05-22 01:00:43 [main] INFO  server.AppServer - [SERVER] Server đấu giá đang chạy trên port 8080...
2026-05-22 01:00:54 [Thread-1] INFO  server.dao.UserDAO - Người dùng Hung xác thực thành công
2026-05-22 01:01:03 [Thread-2] INFO  server.dao.UserDAO - Người dùng John xác thực thành công
2026-05-22 01:01:16 [Thread-3] INFO  server.dao.UserDAO - Người dùng hungdz xác thực thành công
2026-05-22 01:01:40 [Thread-3] INFO  server.ClientHandler - >>> [DEBUG TIME] Now: 2026-05-22T01:01:40.800369 | Room Begin: 2026-05-22 00:52 | Room End: 2026-05-22 01:21
2026-05-22 01:01:40 [Thread-3] INFO  server.ClientHandler - >>> [DEBUG TIME] Now: 2026-05-22T01:01:40.804359800 | Room Begin: 2026-05-22 00:52 | Room End: 2026-05-22 01:21
2026-05-22 01:01:42 [Thread-1] INFO  server.ClientHandler - >>> [DEBUG TIME] Now: 2026-05-22T01:01:42.476914400 | Room Begin: 2026-05-22 00:52 | Room End: 2026-05-22 01:21
2026-05-22 01:01:42 [Thread-1] INFO  server.ClientHandler - >>> [DEBUG TIME] Now: 2026-05-22T01:01:42.476914400 | Room Begin: 2026-05-22 00:52 | Room End: 2026-05-22 01:21
2026-05-22 01:02:10 [Thread-1] INFO  server.ClientHandler - >>> [DEBUG TIME] Now: 2026-05-22T01:02:10.642689500 | Room Begin: 2026-05-22 00:52 | Room End: 2026-05-22 01:21
2026-05-22 01:02:10 [Thread-1] INFO  server.ClientHandler - >>> [DEBUG TIME] Now: 2026-05-22T01:02:10.644689500 | Room Begin: 2026-05-22 00:52 | Room End: 2026-05-22 01:21
2026-05-22 01:02:13 [Thread-3] INFO  server.ClientHandler - >>> [DEBUG TIME] Now: 2026-05-22T01:02:13.612943200 | Room Begin: 2026-05-22 00:52 | Room End: 2026-05-22 01:21
2026-05-22 01:02:13 [Thread-3] INFO  server.ClientHandler - >>> [DEBUG TIME] Now: 2026-05-22T01:02:13.614941 | Room Begin: 2026-05-22 00:52 | Room End: 2026-05-22 01:21
2026-05-22 01:02:20 [Thread-3] INFO  server.ClientHandler - >>> [DEBUG TIME] Now: 2026-05-22T01:02:20.130640200 | Room Begin: 2026-05-22 00:52 | Room End: 2026-05-22 01:21
2026-05-22 01:02:20 [Thread-3] INFO  server.ClientHandler - >>> [DEBUG TIME] Now: 2026-05-22T01:02:20.131636500 | Room Begin: 2026-05-22 00:52 | Room End: 2026-05-22 01:21
2026-05-22 01:02:23 [Thread-3] INFO  server.ClientHandler - >>> [DEBUG TIME] Now: 2026-05-22T01:02:23.462750800 | Room Begin: 2026-05-22 00:52 | Room End: 2026-05-22 01:21
2026-05-22 01:02:23 [Thread-3] INFO  server.ClientHandler - >>> [DEBUG TIME] Now: 2026-05-22T01:02:23.462750800 | Room Begin: 2026-05-22 00:52 | Room End: 2026-05-22 01:21
2026-05-22 01:02:39 [Thread-1] INFO  server.ClientHandler - >>> [DEBUG TIME] Now: 2026-05-22T01:02:39.467210500 | Room Begin: 2026-05-22 00:52 | Room End: 2026-05-22 01:21
2026-05-22 01:02:39 [Thread-1] INFO  server.ClientHandler - >>> [DEBUG TIME] Now: 2026-05-22T01:02:39.468208900 | Room Begin: 2026-05-22 00:52 | Room End: 2026-05-22 01:21
2026-05-22 01:02:41 [Thread-3] INFO  server.ClientHandler - >>> [DEBUG TIME] Now: 2026-05-22T01:02:41.179936400 | Room Begin: 2026-05-22 00:52 | Room End: 2026-05-22 01:21
2026-05-22 01:02:41 [Thread-3] INFO  server.ClientHandler - >>> [DEBUG TIME] Now: 2026-05-22T01:02:41.182940400 | Room Begin: 2026-05-22 00:52 | Room End: 2026-05-22 01:21
2026-05-22 01:02:46 [Thread-3] INFO  server.ClientHandler - >>> [DEBUG TIME] Now: 2026-05-22T01:02:46.216523500 | Room Begin: 2026-05-22 00:52 | Room End: 2026-05-22 01:21
2026-05-22 01:02:46 [Thread-3] INFO  server.ClientHandler - >>> [DEBUG TIME] Now: 2026-05-22T01:02:46.217522100 | Room Begin: 2026-05-22 00:52 | Room End: 2026-05-22 01:21
2026-05-22 01:03:15 [Thread-1] INFO  server.ClientHandler - >>> [DEBUG TIME] Now: 2026-05-22T01:03:15.487792900 | Room Begin: 2026-05-22 00:52 | Room End: 2026-05-22 01:21
2026-05-22 01:03:15 [Thread-1] INFO  server.ClientHandler - >>> [DEBUG TIME] Now: 2026-05-22T01:03:15.488790900 | Room Begin: 2026-05-22 00:52 | Room End: 2026-05-22 01:21
2026-05-22 01:19:06 [Thread-4] INFO  server.dao.UserDAO - Người dùng John xác thực thành công
2026-05-22 09:59:53 [main] INFO  server.dao.ConnectDatabase - Kết nối database thành công
2026-05-22 09:59:53 [main] INFO  server.AppServer - [SERVER] Kết nối database thành công
2026-05-22 09:59:53 [main] INFO  server.AppServer - [SERVER] Server đấu giá đang chạy trên port 8080...
2026-05-22 10:00:06 [Thread-1] INFO  server.dao.UserDAO - Người dùng admin xác thực thành công
2026-05-22 10:00:19 [Thread-2] INFO  server.dao.UserDAO - Người dùng Hung xác thực thành công
2026-05-22 10:00:30 [Thread-3] INFO  server.dao.UserDAO - Người dùng John xác thực thành công
2026-05-22 10:00:47 [Thread-4] INFO  server.dao.UserDAO - Người dùng hungdz xác thực thành công
2026-05-22 22:56:04 [main] INFO  server.dao.ConnectDatabase - Kết nối database thành công
2026-05-22 22:56:04 [main] INFO  server.AppServer - [SERVER] Kết nối database thành công
2026-05-22 22:56:04 [main] INFO  server.AppServer - [SERVER] Server đấu giá đang chạy trên port 8080...
2026-05-22 22:57:25 [main] INFO  server.dao.ConnectDatabase - Kết nối database thành công
2026-05-22 22:57:25 [main] INFO  server.AppServer - [SERVER] Kết nối database thành công
2026-05-22 22:57:25 [main] INFO  server.AppServer - [SERVER] Server đấu giá đang chạy trên port 8080...
2026-05-22 22:58:57 [Thread-1] INFO  server.dao.UserDAO - Người dùng admin xác thực thành công
2026-05-22 22:59:09 [Thread-2] INFO  server.dao.UserDAO - Người dùng b1 xác thực thành công
2026-05-22 22:59:47 [main] INFO  server.dao.ConnectDatabase - Kết nối database thành công
2026-05-22 22:59:47 [main] INFO  server.AppServer - [SERVER] Kết nối database thành công
2026-05-22 22:59:47 [main] INFO  server.AppServer - [SERVER] Server đấu giá đang chạy trên port 8080...
2026-05-22 22:59:53 [Thread-1] INFO  server.dao.UserDAO - Người dùng b1 xác thực thành công
2026-05-22 23:00:24 [Thread-2] INFO  server.dao.UserDAO - Người dùng b2 xác thực thành công
2026-05-22 23:00:33 [Thread-3] INFO  server.dao.UserDAO - Người dùng s1 xác thực thành công
2026-05-22 23:02:16 [Thread-3] WARN  server.AppServer - [SERVER] Không tìm thấy admin để gửi thông báo
2026-05-22 23:02:27 [Thread-4] INFO  server.dao.UserDAO - Người dùng admin xác thực thành công
2026-05-22 23:03:29 [Thread-1] ERROR server.ClientHandler - Lỗi kết nối với Client b1: Connection reset
2026-05-22 23:03:30 [Thread-4] ERROR server.ClientHandler - Lỗi kết nối với Client admin: Connection reset
2026-05-22 23:03:31 [Thread-3] ERROR server.ClientHandler - Lỗi kết nối với Client s1: Connection reset
2026-05-22 23:03:32 [Thread-2] ERROR server.ClientHandler - Lỗi kết nối với Client b2: Connection reset
2026-05-22 23:03:37 [Thread-5] INFO  server.dao.UserDAO - Người dùng b1 xác thực thành công
2026-05-22 23:03:43 [Thread-5] INFO  server.dao.WalletDAO - Giao dịch thành công: User b1 | Type: DEPOSIT | Amount: 100000000
2026-05-22 23:03:44 [JavaFX Application Thread] INFO  server.dao.ConnectDatabase - Kết nối database thành công
2026-05-22 23:03:50 [Thread-6] INFO  server.dao.UserDAO - Người dùng b2 xác thực thành công
2026-05-22 23:03:56 [Thread-6] INFO  server.dao.WalletDAO - Giao dịch thành công: User b2 | Type: DEPOSIT | Amount: 100000000
2026-05-22 23:03:57 [JavaFX Application Thread] INFO  server.dao.ConnectDatabase - Kết nối database thành công
