2026-05-23 08:53:13 [main] INFO  server.dao.ConnectDatabase - Kết nối database thành công
2026-05-23 08:53:13 [main] INFO  server.AppServer - [SERVER] Kết nối database thành công
2026-05-23 08:53:13 [main] INFO  server.AppServer - [SERVER] Server đấu giá đang chạy trên port 8080...
2026-05-23 08:53:34 [Thread-1] INFO  server.dao.UserDAO - Người dùng b1 xác thực thành công
2026-05-23 08:57:07 [Thread-2] INFO  server.dao.UserDAO - Người dùng b1 xác thực thành công
2026-05-23 08:57:47 [Thread-3] INFO  server.dao.UserDAO - Người dùng b1 xác thực thành công
2026-05-23 09:00:50 [Thread-1] ERROR server.ClientHandler - Lỗi kết nối với Client b1: Connection reset
2026-05-23 09:00:51 [Thread-2] ERROR server.ClientHandler - Lỗi kết nối với Client b1: Connection reset
2026-05-23 09:00:52 [Thread-3] ERROR server.ClientHandler - Lỗi kết nối với Client b1: Connection reset
2026-05-23 09:03:11 [Thread-5] INFO  server.dao.UserDAO - Người dùng s1 xác thực thành công
2026-05-23 09:03:38 [Thread-5] WARN  server.AppServer - [SERVER] Không tìm thấy admin để gửi thông báo
2026-05-23 09:03:49 [Thread-6] INFO  server.dao.UserDAO - Người dùng admin xác thực thành công
2026-05-23 09:03:57 [Thread-7] INFO  server.dao.UserDAO - Người dùng b1 xác thực thành công
2026-05-23 09:08:43 [main] INFO  server.dao.ConnectDatabase - Kết nối database thành công
2026-05-23 09:08:43 [main] INFO  server.AppServer - [SERVER] Kết nối database thành công
2026-05-23 09:08:43 [main] INFO  server.AppServer - [SERVER] Server đấu giá đang chạy trên port 8080...
2026-05-23 09:09:18 [main] INFO  server.dao.ConnectDatabase - Kết nối database thành công
2026-05-23 09:09:18 [main] INFO  server.AppServer - [SERVER] Kết nối database thành công
2026-05-23 09:09:18 [main] INFO  server.AppServer - [SERVER] Server đấu giá đang chạy trên port 8080...
2026-05-23 09:11:14 [Thread-1] INFO  server.dao.UserDAO - Người dùng b1 xác thực thành công
2026-05-23 09:47:35 [main] INFO  server.dao.ConnectDatabase - Kết nối database thành công
2026-05-23 09:47:35 [main] INFO  server.AppServer - [SERVER] Kết nối database thành công
2026-05-23 09:47:35 [main] INFO  server.AppServer - [SERVER] Server đấu giá đang chạy trên port 8080...
2026-05-23 09:47:41 [Thread-1] INFO  server.dao.UserDAO - Người dùng b1 xác thực thành công
2026-05-23 09:58:32 [main] INFO  server.dao.ConnectDatabase - Kết nối database thành công
2026-05-23 09:58:32 [main] INFO  server.AppServer - [SERVER] Kết nối database thành công
2026-05-23 09:58:32 [main] INFO  server.AppServer - [SERVER] Server đấu giá đang chạy trên port 8080...
2026-05-23 09:58:38 [Thread-1] INFO  server.dao.UserDAO - Người dùng b1 xác thực thành công
2026-05-23 10:00:46 [main] INFO  server.dao.ConnectDatabase - Kết nối database thành công
2026-05-23 10:00:46 [main] INFO  server.AppServer - [SERVER] Kết nối database thành công
2026-05-23 10:00:46 [main] INFO  server.AppServer - [SERVER] Server đấu giá đang chạy trên port 8080...
2026-05-23 10:00:51 [Thread-1] INFO  server.dao.UserDAO - Người dùng b1 xác thực thành công
2026-05-23 10:02:00 [Thread-2] INFO  server.dao.UserDAO - Người dùng b1 xác thực thành công
2026-05-23 10:05:20 [Thread-1] ERROR server.ClientHandler - Lỗi kết nối với Client b1: Connection reset
2026-05-23 10:05:21 [Thread-2] ERROR server.ClientHandler - Lỗi kết nối với Client b1: Connection reset
2026-05-23 10:05:25 [Thread-3] INFO  server.dao.UserDAO - Người dùng b1 xác thực thành công
2026-05-23 10:08:40 [Thread-4] INFO  server.dao.UserDAO - Người dùng b1 xác thực thành công
2026-05-23 10:10:57 [Thread-4] ERROR server.ClientHandler - Lỗi kết nối với Client b1: Connection reset
2026-05-23 10:10:58 [Thread-3] ERROR server.ClientHandler - Lỗi kết nối với Client b1: Connection reset
2026-05-23 10:11:03 [Thread-5] INFO  server.dao.UserDAO - Người dùng b1 xác thực thành công
2026-05-23 10:11:38 [Thread-5] ERROR server.ClientHandler - Lỗi kết nối với Client b1: Connection reset
2026-05-23 10:11:43 [Thread-6] INFO  server.dao.UserDAO - Người dùng b1 xác thực thành công
2026-05-23 10:13:46 [Thread-7] INFO  server.dao.UserDAO - Người dùng b1 xác thực thành công
2026-05-23 10:14:33 [Thread-6] ERROR server.ClientHandler - Lỗi kết nối với Client b1: Connection reset
2026-05-23 10:14:34 [Thread-7] ERROR server.ClientHandler - Lỗi kết nối với Client b1: Connection reset
2026-05-23 10:14:38 [Thread-8] INFO  server.dao.UserDAO - Người dùng b1 xác thực thành công
2026-05-23 10:17:35 [Thread-9] INFO  server.dao.UserDAO - Người dùng b1 xác thực thành công
2026-05-23 10:18:52 [Thread-10] INFO  server.dao.UserDAO - Người dùng b1 xác thực thành công
2026-05-23 10:20:42 [Thread-11] INFO  server.dao.UserDAO - Người dùng b1 xác thực thành công
2026-05-23 10:24:40 [Thread-12] INFO  server.dao.UserDAO - Người dùng b1 xác thực thành công
2026-05-23 10:28:13 [main] INFO  server.dao.ConnectDatabase - Kết nối database thành công
2026-05-23 10:28:13 [main] INFO  server.AppServer - [SERVER] Kết nối database thành công
2026-05-23 10:28:13 [main] INFO  server.AppServer - [SERVER] Server đấu giá đang chạy trên port 8080...
2026-05-23 10:28:19 [Thread-1] INFO  server.dao.UserDAO - Người dùng b1 xác thực thành công
2026-05-23 10:33:20 [Thread-2] INFO  server.dao.UserDAO - Người dùng b1 xác thực thành công
2026-05-23 10:34:09 [Thread-3] INFO  server.dao.UserDAO - Người dùng b1 xác thực thành công
2026-05-23 10:38:54 [Thread-4] INFO  server.dao.UserDAO - Người dùng b1 xác thực thành công
2026-05-23 10:39:10 [Thread-5] INFO  server.dao.UserDAO - Người dùng b1 xác thực thành công
2026-05-23 10:45:58 [Thread-6] INFO  server.dao.UserDAO - Người dùng b1 xác thực thành công
2026-05-23 11:24:58 [Thread-7] INFO  server.dao.UserDAO - Người dùng b1 xác thực thành công
2026-05-23 11:25:28 [Thread-1] ERROR server.ClientHandler - Lỗi kết nối với Client b1: Connection reset
2026-05-23 11:25:29 [Thread-5] ERROR server.ClientHandler - Lỗi kết nối với Client b1: Connection reset
2026-05-23 11:25:30 [Thread-7] ERROR server.ClientHandler - Lỗi kết nối với Client b1: Connection reset
2026-05-23 11:25:31 [Thread-6] ERROR server.ClientHandler - Lỗi kết nối với Client b1: Connection reset
2026-05-23 11:25:32 [Thread-4] ERROR server.ClientHandler - Lỗi kết nối với Client b1: Connection reset
2026-05-23 11:25:32 [Thread-3] ERROR server.ClientHandler - Lỗi kết nối với Client b1: Connection reset
2026-05-23 11:25:33 [Thread-2] ERROR server.ClientHandler - Lỗi kết nối với Client b1: Connection reset
2026-05-23 11:25:39 [Thread-8] INFO  server.dao.UserDAO - Người dùng b1 xác thực thành công
2026-05-23 11:37:19 [Thread-9] INFO  server.dao.UserDAO - Người dùng b1 xác thực thành công
2026-05-23 11:40:53 [Thread-10] INFO  server.dao.UserDAO - Người dùng b1 xác thực thành công
2026-05-23 11:41:39 [main] INFO  server.dao.ConnectDatabase - Kết nối database thành công
2026-05-23 11:41:39 [main] INFO  server.AppServer - [SERVER] Kết nối database thành công
2026-05-23 11:41:39 [main] INFO  server.AppServer - [SERVER] Server đấu giá đang chạy trên port 8080...
2026-05-23 11:41:46 [Thread-1] INFO  server.dao.UserDAO - Người dùng b1 xác thực thành công
2026-05-23 11:45:25 [Thread-2] INFO  server.dao.UserDAO - Người dùng b1 xác thực thành công
2026-05-23 11:45:47 [main] INFO  server.dao.ConnectDatabase - Kết nối database thành công
2026-05-23 11:45:47 [main] INFO  server.AppServer - [SERVER] Kết nối database thành công
2026-05-23 11:45:47 [main] INFO  server.AppServer - [SERVER] Server đấu giá đang chạy trên port 8080...
2026-05-23 11:45:54 [Thread-1] INFO  server.dao.UserDAO - Người dùng b1 xác thực thành công
2026-05-23 11:46:30 [Thread-2] INFO  server.dao.UserDAO - Người dùng b1 xác thực thành công
2026-05-23 11:50:34 [main] INFO  server.dao.ConnectDatabase - Kết nối database thành công
2026-05-23 11:50:34 [main] INFO  server.AppServer - [SERVER] Kết nối database thành công
2026-05-23 11:50:34 [main] INFO  server.AppServer - [SERVER] Server đấu giá đang chạy trên port 8080...
2026-05-23 11:50:40 [Thread-1] INFO  server.dao.UserDAO - Người dùng b1 xác thực thành công
2026-05-23 11:57:45 [Thread-2] INFO  server.dao.UserDAO - Người dùng b1 xác thực thành công
2026-05-23 15:40:26 [main] INFO  server.dao.ConnectDatabase - Kết nối database thành công
2026-05-23 15:40:26 [main] INFO  server.AppServer - [SERVER] Kết nối database thành công
2026-05-23 15:40:26 [main] INFO  server.AppServer - [SERVER] Server đấu giá đang chạy trên port 8080...
2026-05-23 15:40:34 [Thread-1] INFO  server.dao.UserDAO - Người dùng b1 xác thực thành công
2026-05-23 15:40:49 [Thread-2] INFO  server.dao.UserDAO - Người dùng b1 xác thực thành công
2026-05-23 15:41:11 [Thread-3] INFO  server.dao.UserDAO - Người dùng admin xác thực thành công
2026-05-23 15:41:17 [Thread-4] INFO  server.dao.UserDAO - Người dùng s1 xác thực thành công
2026-05-23 15:42:02 [Thread-5] INFO  server.dao.UserDAO - Người dùng b1 xác thực thành công
2026-05-23 15:42:37 [Thread-6] INFO  server.dao.UserDAO - Người dùng b1 xác thực thành công
2026-05-23 15:43:33 [Thread-7] INFO  server.dao.UserDAO - Người dùng b1 xác thực thành công
2026-05-23 15:45:59 [Thread-8] INFO  server.dao.UserDAO - Người dùng b1 xác thực thành công
2026-05-23 23:54:39 [main] INFO  server.dao.ConnectDatabase - Kết nối database thành công
2026-05-23 23:54:39 [main] INFO  server.AppServer - [SERVER] Kết nối database thành công
2026-05-23 23:54:39 [main] INFO  server.AppServer - [SERVER] Server đấu giá đang chạy trên port 8080...
2026-05-23 23:54:47 [Thread-1] INFO  server.dao.UserDAO - Người dùng b1 xác thực thành công
2026-05-23 23:56:52 [main] INFO  server.dao.ConnectDatabase - Kết nối database thành công
2026-05-23 23:56:52 [main] INFO  server.AppServer - [SERVER] Kết nối database thành công
2026-05-23 23:56:52 [main] INFO  server.AppServer - [SERVER] Server đấu giá đang chạy trên port 8080...
2026-05-23 23:56:59 [Thread-1] INFO  server.dao.UserDAO - Người dùng b1 xác thực thành công
